
> build
> npm run build --workspace apps/web


> @local-projects/web@0.1.0 build
> vite build

10:17:07 AM [vite-plugin-svelte] no Svelte config found at /Users/maciek/kodowanko/projekty/astra/astra-project-handoff-v1.0/apps/web - using default configuration.
vite v8.2.2 building client environment for production...
transforming...
✓ 1002 modules transformed.
rendering chunks...
computing gzip size...
dist/index.html                          0.39 kB │ gzip:   0.26 kB
dist/assets/CalendarView-DsPD_E6s.css   33.48 kB │ gzip:   4.24 kB
dist/assets/index-1vz-kNRB.css          36.34 kB │ gzip:   6.77 kB
dist/assets/Board-DLgdT0rQ.css          55.44 kB │ gzip:   7.82 kB
dist/assets/GanttView-pobotIn2.css     135.63 kB │ gzip:  17.63 kB
dist/assets/events-CPVfB6AE.js           0.02 kB │ gzip:   0.04 kB
dist/assets/DateViews-C4Wu2rVH.js        1.89 kB │ gzip:   0.81 kB
dist/assets/dist-CEI9ovs9.js             6.05 kB │ gzip:   2.47 kB
dist/assets/CalendarView-B1sFYCok.js    66.21 kB │ gzip:  23.10 kB
dist/assets/Board-DZreoc33.js           78.29 kB │ gzip:  25.92 kB
dist/assets/GanttView-DitbIY0S.js      267.76 kB │ gzip:  86.79 kB
dist/assets/index-DMip3k9t.js          310.27 kB │ gzip: 111.50 kB

✓ built in 948ms
